[dotenv@17.2.1] injecting env (5) from ..\.env -- tip: ΓÜÖ∩╕Å  override existing env vars with { override: true }
--- MongoDB Connection Test ---

Testing Connection 1 (sathish8898)...
FAILURE: Connection 1 (sathish8898) failed. Error: bad auth : Authentication failed.

Testing Connection 2 (sathishepass)...
FAILURE: Connection 2 (sathishepass) failed. Error: bad auth : authentication failed

==================================================
FAILURE: Both connections failed.
Please check your passwords on MongoDB Atlas.
Ensure your IP address is whitelisted in Atlas.
==================================================
